// Jest Snapshot v1, https://goo.gl/fbAQLP

exports[`DateBrowsing (snapshot) matches snapshot 1`] = `
<div>
  <div
    class="ant-space css-dev-only-do-not-override-1uq9j6g ant-space-vertical ant-space-gap-row-large ant-space-gap-col-large"
    style="width: 100%;"
  >
    <div
      class="ant-space-item"
    >
      <div>
        <h4
          class="ant-typography css-dev-only-do-not-override-1uq9j6g"
        >
          <span
            aria-label="download"
            class="anticon anticon-download"
            role="img"
          >
            <svg
              aria-hidden="true"
              data-icon="download"
              fill="currentColor"
              focusable="false"
              height="1em"
              viewBox="64 64 896 896"
              width="1em"
            >
              <path
                d="M505.7 661a8 8 0 0012.6 0l112-141.7c4.1-5.2.4-12.9-6.3-12.9h-74.1V168c0-4.4-3.6-8-8-8h-60c-4.4 0-8 3.6-8 8v338.3H400c-6.7 0-10.4 7.7-6.3 12.9l112 141.8zM878 626h-60c-4.4 0-8 3.6-8 8v154H214V634c0-4.4-3.6-8-8-8h-60c-4.4 0-8 3.6-8 8v198c0 17.7 14.3 32 32 32h684c17.7 0 32-14.3 32-32V634c0-4.4-3.6-8-8-8z"
              />
            </svg>
          </span>
           选择日期并加载数据
        </h4>
        <div
          class="ant-typography css-dev-only-do-not-override-1uq9j6g"
        >
          输入日期一次性下载该日期的所有列车数据到本地 (格式: YYYYMMDD)
          <br />
          <strong>
            可用日期示例:
          </strong>
           20250609, 20250608, 20250607, 20250302, 20241120
        </div>
        <div
          class="ant-space css-dev-only-do-not-override-1uq9j6g ant-space-horizontal ant-space-align-center ant-space-gap-row-small ant-space-gap-col-small"
        >
          <div
            class="ant-space-item"
          >
            <span
              class="ant-input-group-wrapper ant-input-group-wrapper-lg ant-input-group-wrapper-outlined css-dev-only-do-not-override-1uq9j6g ant-input-search ant-input-search-large ant-input-search-with-button"
              style="width: 300px;"
            >
              <span
                class="ant-input-wrapper ant-input-group css-dev-only-do-not-override-1uq9j6g"
              >
                <span
                  class="ant-input-affix-wrapper ant-input-affix-wrapper-lg css-dev-only-do-not-override-1uq9j6g ant-input-outlined"
                >
                  <input
                    class="ant-input ant-input-lg css-dev-only-do-not-override-1uq9j6g"
                    placeholder="输入日期 (如: 20250609)"
                    type="text"
                    value="20241120"
                  />
                  <span
                    class="ant-input-suffix"
                  >
                    <span
                      class="ant-input-clear-icon"
                      role="button"
                      tabindex="-1"
                    >
                      <span
                        aria-label="close-circle"
                        class="anticon anticon-close-circle"
                        role="img"
                      >
                        <svg
                          aria-hidden="true"
                          data-icon="close-circle"
                          fill="currentColor"
                          fill-rule="evenodd"
                          focusable="false"
                          height="1em"
                          viewBox="64 64 896 896"
                          width="1em"
                        >
                          <path
                            d="M512 64c247.4 0 448 200.6 448 448S759.4 960 512 960 64 759.4 64 512 264.6 64 512 64zm127.98 274.82h-.04l-.08.06L512 466.75 384.14 338.88c-.04-.05-.06-.06-.08-.06a.12.12 0 00-.07 0c-.03 0-.05.01-.09.05l-45.02 45.02a.2.2 0 00-.05.09.12.12 0 000 .07v.02a.27.27 0 00.06.06L466.75 512 338.88 639.86c-.05.04-.06.06-.06.08a.12.12 0 000 .07c0 .03.01.05.05.09l45.02 45.02a.2.2 0 00.09.05.12.12 0 00.07 0c.02 0 .04-.01.08-.05L512 557.25l127.86 127.87c.04.04.06.05.08.05a.12.12 0 00.07 0c.03 0 .05-.01.09-.05l45.02-45.02a.2.2 0 00.05-.09.12.12 0 000-.07v-.02a.27.27 0 00-.05-.06L557.25 512l127.87-127.86c.04-.04.05-.06.05-.08a.12.12 0 000-.07c0-.03-.01-.05-.05-.09l-45.02-45.02a.2.2 0 00-.09-.05.12.12 0 00-.07 0z"
                          />
                        </svg>
                      </span>
                    </span>
                  </span>
                </span>
                <span
                  class="ant-input-group-addon"
                >
                  <button
                    class="ant-btn css-dev-only-do-not-override-1uq9j6g ant-btn-primary ant-btn-lg ant-input-search-button"
                    type="button"
                  >
                    <span>
                      下载数据
                    </span>
                  </button>
                </span>
              </span>
            </span>
          </div>
          <div
            class="ant-space-item"
          >
            <span
              class="ant-tag ant-tag-success css-dev-only-do-not-override-1uq9j6g"
              style="font-size: 14px; padding: 4px 8px;"
            >
              已加载 
              20241120
               的数据 (
              2
               趟列车)
            </span>
          </div>
        </div>
      </div>
    </div>
    <div
      class="ant-space-item"
    >
      <div>
        <h4
          class="ant-typography css-dev-only-do-not-override-1uq9j6g"
        >
          <span
            aria-label="filter"
            class="anticon anticon-filter"
            role="img"
          >
            <svg
              aria-hidden="true"
              data-icon="filter"
              fill="currentColor"
              focusable="false"
              height="1em"
              viewBox="64 64 896 896"
              width="1em"
            >
              <path
                d="M880.1 154H143.9c-24.5 0-39.8 26.7-27.5 48L349 597.4V838c0 17.7 14.2 32 31.8 32h262.4c17.6 0 31.8-14.3 31.8-32V597.4L907.7 202c12.2-21.3-3.1-48-27.6-48zM603.4 798H420.6V642h182.9v156zm9.6-236.6l-9.5 16.6h-183l-9.5-16.6L212.7 226h598.6L613 561.4z"
              />
            </svg>
          </span>
           按车站筛选 (本地搜索，无需重新下载)
        </h4>
        <div
          class="ant-typography css-dev-only-do-not-override-1uq9j6g"
        >
          从已下载的 
          <span
            class="ant-tag ant-tag-blue css-dev-only-do-not-override-1uq9j6g"
          >
            20241120
          </span>
           
          数据中搜索包含指定车站的列车
        </div>
        <div
          class="ant-space css-dev-only-do-not-override-1uq9j6g ant-space-horizontal ant-space-align-center ant-space-gap-row-small ant-space-gap-col-small"
        >
          <div
            class="ant-space-item"
          >
            <span
              class="ant-input-group-wrapper ant-input-group-wrapper-lg ant-input-group-wrapper-outlined css-dev-only-do-not-override-1uq9j6g ant-input-search ant-input-search-large ant-input-search-with-button"
              style="width: 300px;"
            >
              <span
                class="ant-input-wrapper ant-input-group css-dev-only-do-not-override-1uq9j6g"
              >
                <span
                  class="ant-input-affix-wrapper ant-input-affix-wrapper-lg css-dev-only-do-not-override-1uq9j6g ant-input-outlined"
                >
                  <input
                    class="ant-input ant-input-lg css-dev-only-do-not-override-1uq9j6g"
                    placeholder="输入车站名称 (如: 北京, 上海)"
                    type="text"
                    value=""
                  />
                  <span
                    class="ant-input-suffix"
                  >
                    <span
                      class="ant-input-clear-icon ant-input-clear-icon-hidden"
                      role="button"
                      tabindex="-1"
                    >
                      <span
                        aria-label="close-circle"
                        class="anticon anticon-close-circle"
                        role="img"
                      >
                        <svg
                          aria-hidden="true"
                          data-icon="close-circle"
                          fill="currentColor"
                          fill-rule="evenodd"
                          focusable="false"
                          height="1em"
                          viewBox="64 64 896 896"
                          width="1em"
                        >
                          <path
                            d="M512 64c247.4 0 448 200.6 448 448S759.4 960 512 960 64 759.4 64 512 264.6 64 512 64zm127.98 274.82h-.04l-.08.06L512 466.75 384.14 338.88c-.04-.05-.06-.06-.08-.06a.12.12 0 00-.07 0c-.03 0-.05.01-.09.05l-45.02 45.02a.2.2 0 00-.05.09.12.12 0 000 .07v.02a.27.27 0 00.06.06L466.75 512 338.88 639.86c-.05.04-.06.06-.06.08a.12.12 0 000 .07c0 .03.01.05.05.09l45.02 45.02a.2.2 0 00.09.05.12.12 0 00.07 0c.02 0 .04-.01.08-.05L512 557.25l127.86 127.87c.04.04.06.05.08.05a.12.12 0 00.07 0c.03 0 .05-.01.09-.05l45.02-45.02a.2.2 0 00.05-.09.12.12 0 000-.07v-.02a.27.27 0 00-.05-.06L557.25 512l127.87-127.86c.04-.04.05-.06.05-.08a.12.12 0 000-.07c0-.03-.01-.05-.05-.09l-45.02-45.02a.2.2 0 00-.09-.05.12.12 0 00-.07 0z"
                          />
                        </svg>
                      </span>
                    </span>
                  </span>
                </span>
                <span
                  class="ant-input-group-addon"
                >
                  <button
                    class="ant-btn css-dev-only-do-not-override-1uq9j6g ant-btn-primary ant-btn-lg ant-input-search-button"
                    type="button"
                  >
                    <span>
                      筛 选
                    </span>
                  </button>
                </span>
              </span>
            </span>
          </div>
          <div
            class="ant-space-item"
          />
        </div>
      </div>
    </div>
    <div
      class="ant-space-item"
    >
      <div
        class="ant-card ant-card-bordered css-dev-only-do-not-override-1uq9j6g"
        style="margin-top: 20px;"
      >
        <div
          class="ant-card-head"
        >
          <div
            class="ant-card-head-wrapper"
          >
            <div
              class="ant-card-head-title"
            >
              <span>
                🚄 列车信息
                <span>
                   (共 
                  2
                   趟列车)
                </span>
              </span>
            </div>
          </div>
        </div>
        <div
          class="ant-card-body"
        >
          <div
            data-testid="mock-list"
          >
            <div
              data-testid="mock-list-item"
            >
              <div
                data-testid="mock-list-item-component"
              >
                <div
                  class="ant-card ant-card-bordered ant-card-hoverable ant-card-small css-dev-only-do-not-override-1uq9j6g"
                  style="width: 100%;"
                >
                  <div
                    class="ant-card-body"
                  >
                    <div
                      style="display: flex; justify-content: space-between; align-items: center;"
                    >
                      <div
                        style="flex: 1;"
                      >
                        <h5
                          class="ant-typography css-dev-only-do-not-override-1uq9j6g"
                          style="margin: 0px 0px 8px 0px;"
                        >
                          🚄 
                          G1
                        </h5>
                        <div
                          class="ant-space css-dev-only-do-not-override-1uq9j6g ant-space-vertical ant-space-gap-row-small ant-space-gap-col-small"
                        >
                          <div
                            class="ant-space-item"
                          >
                            <div>
                              <strong>
                                起点站:
                              </strong>
                               
                              北京
                            </div>
                          </div>
                          <div
                            class="ant-space-item"
                          >
                            <div>
                              <strong>
                                终点站:
                              </strong>
                               
                              上海
                            </div>
                          </div>
                          <div
                            class="ant-space-item"
                          >
                            <div>
                              <strong>
                                车次编号:
                              </strong>
                               
                              T100
                            </div>
                          </div>
                        </div>
                      </div>
                      <div
                        style="text-align: right; color: rgb(102, 102, 102);"
                      >
                        <div>
                          <strong>
                            总数:
                          </strong>
                        </div>
                        <div
                          style="font-size: 24px; font-weight: bold;"
                        >
                          1
                        </div>
                      </div>
                    </div>
                  </div>
                </div>
              </div>
            </div>
            <div
              data-testid="mock-list-item"
            >
              <div
                data-testid="mock-list-item-component"
              >
                <div
                  class="ant-card ant-card-bordered ant-card-hoverable ant-card-small css-dev-only-do-not-override-1uq9j6g"
                  style="width: 100%;"
                >
                  <div
                    class="ant-card-body"
                  >
                    <div
                      style="display: flex; justify-content: space-between; align-items: center;"
                    >
                      <div
                        style="flex: 1;"
                      >
                        <h5
                          class="ant-typography css-dev-only-do-not-override-1uq9j6g"
                          style="margin: 0px 0px 8px 0px;"
                        >
                          🚄 
                          G2
                        </h5>
                        <div
                          class="ant-space css-dev-only-do-not-override-1uq9j6g ant-space-vertical ant-space-gap-row-small ant-space-gap-col-small"
                        >
                          <div
                            class="ant-space-item"
                          >
                            <div>
                              <strong>
                                起点站:
                              </strong>
                               
                              上海
                            </div>
                          </div>
                          <div
                            class="ant-space-item"
                          >
                            <div>
                              <strong>
                                终点站:
                              </strong>
                               
                              广州
                            </div>
                          </div>
                          <div
                            class="ant-space-item"
                          >
                            <div>
                              <strong>
                                车次编号:
                              </strong>
                               
                              T200
                            </div>
                          </div>
                        </div>
                      </div>
                      <div
                        style="text-align: right; color: rgb(102, 102, 102);"
                      >
                        <div>
                          <strong>
                            总数:
                          </strong>
                        </div>
                        <div
                          style="font-size: 24px; font-weight: bold;"
                        >
                          1
                        </div>
                      </div>
                    </div>
                  </div>
                </div>
              </div>
            </div>
          </div>
        </div>
      </div>
    </div>
  </div>
</div>
`;
